硅捥瑵湩⁧整瑳⁳敤楦敮⁤祢稠⸰癧捥琮獥ੴgvec.test/t_bitpack/unpack_16                               | executing     |               | 2020-04-13 14:30:11.870   
gvec.test/t_bitpack/unpack_16                               | executed      | 16.8167 ms    | 2020-04-13 14:30:11.870   | 2020-04-13 14:30:11.891   | 20.9128 ms    
gvec.test/t_bitpack/unpack_32                               | executing     |               | 2020-04-13 14:30:11.909   
gvec.test/t_bitpack/unpack_32                               | executed      | 14.6179 ms    | 2020-04-13 14:30:11.909   | 2020-04-13 14:30:11.924   | 14.6717 ms    
gvec.test/t_bitpack/unpack_64                               | executing     |               | 2020-04-13 14:30:11.926   
gvec.test/t_bitpack/unpack_64                               | executed      | 17.8909 ms    | 2020-04-13 14:30:11.926   | 2020-04-13 14:30:11.944   | 17.9141 ms    
gvec.test/t_bitpack/pack_32x4  bitstring: 0100
gvec.test/t_bitpack/pack_32x4  bitseq: [0, 0, 1, 0]
gvec.test/t_blocks/CellSize                                 | executing     |               | 2020-04-13 14:30:11.994   
gvec.test/t_blocks/CellSize                                 | executed      | 5.2856 ms     | 2020-04-13 14:30:11.994   | 2020-04-13 14:30:11.999   | 5.3035 ms     
gvec.test/t_blocks/db_blocklen_128                          | executing     |               | 2020-04-13 14:30:12.000   
gvec.test/t_blocks/db_blocklen_128                          | executed      | 3.7228 ms     | 2020-04-13 14:30:12.000   | 2020-04-13 14:30:12.003   | 3.7732 ms     
gvec.test/t_blocks/db_blocklen_256                          | executing     |               | 2020-04-13 14:30:12.004   
gvec.test/t_blocks/db_blocklen_256                          | executed      | 2.7451 ms     | 2020-04-13 14:30:12.004   | 2020-04-13 14:30:12.007   | 2.7559 ms     
gvec.test/t_blocks/BlockSlice                               | executing     |               | 2020-04-13 14:30:12.007   
gvec.test/t_blocks/BlockSlice                               | executed      | 4.3781 ms     | 2020-04-13 14:30:12.007   | 2020-04-13 14:30:12.011   | 4.3884 ms     
gvec.test/t_blocks/Load1                                    | executing     |               | 2020-04-13 14:30:12.012   
gvec.test/t_blocks/Load1                                    | executed      | 1.8002 ms     | 2020-04-13 14:30:12.012   | 2020-04-13 14:30:12.014   | 1.8105 ms     
gvec.test/t_blocks/Fill1                                    | executing     |               | 2020-04-13 14:30:12.014   
gvec.test/t_blocks/Fill1                                    | executed      | 7.1762 ms     | 2020-04-13 14:30:12.014   | 2020-04-13 14:30:12.022   | 7.1917 ms     
gvec.test/t_blocks                                          | completed     | 33.286 ms     | 2020-04-13 14:30:11.994   | 2020-04-13 14:30:12.027   | 33.2849 ms    
gvec.test/t_broadcast/broadcast_outline                     | executing     |               | 2020-04-13 14:30:12.028   
gvec.test/t_broadcast/broadcast_outline                     | executed      | 2.2392 ms     | 2020-04-13 14:30:12.028   | 2020-04-13 14:30:12.030   | 2.2523 ms     
gvec.test/t_broadcast                                       | completed     | 2.8596 ms     | 2020-04-13 14:30:12.028   | 2020-04-13 14:30:12.031   | 2.8598 ms     
gvec.test/t_dynamic/check_blocks: add_g
gvec.test/t_dynamic/check_blocks: add_g
gvec.test/t_dynamic/check_blocks                            | executing     |               | 2020-04-13 14:30:12.031   
gvec.test/t_dynamic/check_blocks                            | executed      | 12.5858 ms    | 2020-04-13 14:30:12.031   | 2020-04-13 14:30:12.043   | 12.6074 ms    
gvec.test/t_dynamic/handle_test                             | executing     |               | 2020-04-13 14:30:12.044   
140727015120120
gvec.test/t_dynamic/handle_test                             | executed      | 14.5813 ms    | 2020-04-13 14:30:12.044   | 2020-04-13 14:30:12.059   | 14.5919 ms    
gvec.test/t_dynamic/vbsll_128x32u                           | executing     |               | 2020-04-13 14:30:12.059   
gvec.test/t_dynamic/vbsll_128x32u                           | executed      | 13.3187 ms    | 2020-04-13 14:30:12.059   | 2020-04-13 14:30:12.073   | 13.3289 ms    
gvec.test/t_dynamic                                         | completed     | 42.2997 ms    | 2020-04-13 14:30:12.031   | 2020-04-13 14:30:12.073   | 42.2999 ms    
gvec.test/t_fixed_rng/fixed_emitter_8u                      | executing     |               | 2020-04-13 14:30:12.073   
gvec.test/t_fixed_rng/fixed_emitter_8u                      | executed      | 3.312 ms      | 2020-04-13 14:30:12.073   | 2020-04-13 14:30:12.077   | 3.3233 ms     
gvec.test/t_fixed_rng/fixed_convert                         | executing     |               | 2020-04-13 14:30:12.078   
gvec.test/t_fixed_rng/fixed_convert                         | executed      | 24.8428 ms    | 2020-04-13 14:30:12.078   | 2020-04-13 14:30:12.102   | 24.8689 ms    
gvec.test/t_fixed_rng                                       | completed     | 30.9766 ms    | 2020-04-13 14:30:12.073   | 2020-04-13 14:30:12.104   | 30.9772 ms    
gvec.test/t_full_adder/fulladder_logical                    | executing     |               | 2020-04-13 14:30:12.105   
gvec.test/t_full_adder/fulladder_logical                    | executed      | 3.1876 ms     | 2020-04-13 14:30:12.105   | 2020-04-13 14:30:12.108   | 3.2043 ms     
gvec.test/t_full_adder/vfulladder_256x64u                   | executing     |               | 2020-04-13 14:30:12.109   
gvec.test/t_full_adder/vfulladder_256x64u                   | executed      | 18.4457 ms    | 2020-04-13 14:30:12.109   | 2020-04-13 14:30:12.127   | 18.4597 ms    
gvec.test/t_full_adder/bvfulladder_32x32x64                 | executing     |               | 2020-04-13 14:30:12.128   
gvec.test/t_full_adder/bvfulladder_32x32x64                 | executed      | 6.1178 ms     | 2020-04-13 14:30:12.128   | 2020-04-13 14:30:12.134   | 6.1319 ms     
gvec.test/t_full_adder                                      | completed     | 29.5758 ms    | 2020-04-13 14:30:12.105   | 2020-04-13 14:30:12.134   | 29.576 ms     
gvec.test/t_half_adder                                      | completed     | 0.0925 ms     | 2020-04-13 14:30:12.135   | 2020-04-13 14:30:12.135   | 0.0921 ms     
gvec.test/t_vabs/vabs_check                                 | executing     |               | 2020-04-13 14:30:12.135   
gvec.test/t_vabs/vabs_check                                 | executed      | 58.6359 ms    | 2020-04-13 14:30:12.135   | 2020-04-13 14:30:12.194   | 58.6517 ms    
gvec.test/t_vabs                                            | completed     | 59.5319 ms    | 2020-04-13 14:30:12.135   | 2020-04-13 14:30:12.195   | 59.532 ms     
gvec.test/t_vand/vand_check                                 | executing     |               | 2020-04-13 14:30:12.195   
gvec.test/t_vand/vand_check                                 | executed      | 100.0384 ms   | 2020-04-13 14:30:12.195   | 2020-04-13 14:30:12.295   | 100.0592 ms   
gvec.test/t_vand                                            | completed     | 100.7468 ms   | 2020-04-13 14:30:12.195   | 2020-04-13 14:30:12.296   | 100.747 ms    
gvec.test/t_vbfly/butterfly_16x64u                          | executing     |               | 2020-04-13 14:30:12.296   
gvec.test/t_vbfly/butterfly_16x64u                          | executed      | 1.3558 ms     | 2020-04-13 14:30:12.296   | 2020-04-13 14:30:12.297   | 1.3701 ms     
gvec.test/t_vbfly/butterfly_32x8                            | executing     |               | 2020-04-13 14:30:12.298   
gvec.test/t_vbfly/butterfly_32x8                            | executed      | 1.3308 ms     | 2020-04-13 14:30:12.298   | 2020-04-13 14:30:12.299   | 1.3413 ms     
gvec.test/t_vbfly/butterfly_32x4                            | executing     |               | 2020-04-13 14:30:12.300   
gvec.test/t_vbfly/butterfly_32x4                            | executed      | 11.1973 ms    | 2020-04-13 14:30:12.300   | 2020-04-13 14:30:12.311   | 11.2137 ms    
gvec.test/t_vbfly/vbutterfly_128x32x4                       | executing     |               | 2020-04-13 14:30:12.312   
gvec.test/t_vbfly/vbutterfly_128x32x4                       | executed      | 5.852 ms      | 2020-04-13 14:30:12.312   | 2020-04-13 14:30:12.317   | 5.8672 ms     
gvec.test/t_vbfly/vbutterfly_256x32x4                       | executing     |               | 2020-04-13 14:30:12.318   
gvec.test/t_vbfly/vbutterfly_256x32x4                       | executed      | 12.4219 ms    | 2020-04-13 14:30:12.318   | 2020-04-13 14:30:12.331   | 12.4441 ms    
gvec.test/t_vbfly/vbutterfly_128x64x1                       | executing     |               | 2020-04-13 14:30:12.332   
gvec.test/t_vbfly/vbutterfly_128x64x1                       | executed      | 6.9658 ms     | 2020-04-13 14:30:12.332   | 2020-04-13 14:30:12.339   | 6.9876 ms     
gvec.test/t_vbfly/vbutterfly_256x64x1                       | executing     |               | 2020-04-13 14:30:12.340   
gvec.test/t_vbfly/vbutterfly_256x64x1                       | executed      | 5.5002 ms     | 2020-04-13 14:30:12.340   | 2020-04-13 14:30:12.345   | 5.5244 ms     
gvec.test/t_vbfly                                           | completed     | 49.7072 ms    | 2020-04-13 14:30:12.296   | 2020-04-13 14:30:12.346   | 49.7074 ms    
gvec.test/t_vbitblend/vbitblend_basecases                   | executing     |               | 2020-04-13 14:30:12.346   
gvec.test/t_vbitblend/vbitblend_basecases                   | executed      | 1.3832 ms     | 2020-04-13 14:30:12.346   | 2020-04-13 14:30:12.347   | 1.4045 ms     
gvec.test/t_vbitblend/vbitblend_128x8u                      | executing     |               | 2020-04-13 14:30:12.350   
gvec.test/t_vbitblend/vbitblend_128x8u                      | executed      | 10.7448 ms    | 2020-04-13 14:30:12.350   | 2020-04-13 14:30:12.361   | 10.7583 ms    
gvec.test/t_vbitblend/vbitblend_128x16u                     | executing     |               | 2020-04-13 14:30:12.361   
gvec.test/t_vbitblend/vbitblend_128x16u                     | executed      | 9.3155 ms     | 2020-04-13 14:30:12.361   | 2020-04-13 14:30:12.370   | 9.3272 ms     
gvec.test/t_vbitblend/vbitblend_128x32u                     | executing     |               | 2020-04-13 14:30:12.371   
gvec.test/t_vbitblend/vbitblend_128x32u                     | executed      | 4.017 ms      | 2020-04-13 14:30:12.371   | 2020-04-13 14:30:12.375   | 4.0353 ms     
gvec.test/t_vbitblend/vbitblend_128x64u                     | executing     |               | 2020-04-13 14:30:12.375   
gvec.test/t_vbitblend/vbitblend_128x64u                     | executed      | 4.066 ms      | 2020-04-13 14:30:12.375   | 2020-04-13 14:30:12.380   | 4.0845 ms     
gvec.test/t_vbitblend/vbitblend_256x8u                      | executing     |               | 2020-04-13 14:30:12.380   
gvec.test/t_vbitblend/vbitblend_256x8u                      | executed      | 13.2707 ms    | 2020-04-13 14:30:12.380   | 2020-04-13 14:30:12.393   | 13.2836 ms    
gvec.test/t_vbitblend/vbitblend_256x16u                     | executing     |               | 2020-04-13 14:30:12.394   
gvec.test/t_vbitblend/vbitblend_256x16u                     | executed      | 15.9341 ms    | 2020-04-13 14:30:12.394   | 2020-04-13 14:30:12.410   | 15.9516 ms    
gvec.test/t_vbitblend/vbitblend_256x32u                     | executing     |               | 2020-04-13 14:30:12.411   
gvec.test/t_vbitblend/vbitblend_256x32u                     | executed      | 13.0192 ms    | 2020-04-13 14:30:12.411   | 2020-04-13 14:30:12.424   | 13.037 ms     
gvec.test/t_vbitblend/vbitblend_256x64u                     | executing     |               | 2020-04-13 14:30:12.424   
gvec.test/t_vbitblend/vbitblend_256x64u                     | executed      | 11.9704 ms    | 2020-04-13 14:30:12.424   | 2020-04-13 14:30:12.436   | 11.9869 ms    
gvec.test/t_vbitblend                                       | completed     | 90.8075 ms    | 2020-04-13 14:30:12.346   | 2020-04-13 14:30:12.437   | 90.8077 ms    
gvec.test/t_vblend/vblend_256x32f_outline                   | executing     |               | 2020-04-13 14:30:12.437   
gvec.test/t_vblend/vblend_256x32f_outline                   | executed      | 0.6778 ms     | 2020-04-13 14:30:12.437   | 2020-04-13 14:30:12.438   | 0.6929 ms     
gvec.test/t_vblend/vblend_256x8u_outline                    | executing     |               | 2020-04-13 14:30:12.438   
gvec.test/t_vblend/vblend_256x8u_outline                    | executed      | 2.8262 ms     | 2020-04-13 14:30:12.438   | 2020-04-13 14:30:12.441   | 2.8377 ms     
gvec.test/t_vblend/vblend_128x16u_outline                   | executing     |               | 2020-04-13 14:30:12.442   
gvec.test/t_vblend/vblend_128x16u_outline                   | executed      | 2.2206 ms     | 2020-04-13 14:30:12.442   | 2020-04-13 14:30:12.444   | 2.2336 ms     
gvec.test/t_vblend/vblend_256x16u_outline                   | executing     |               | 2020-04-13 14:30:12.445   
gvec.test/t_vblend/vblend_256x16u_outline                   | executed      | 2.0245 ms     | 2020-04-13 14:30:12.445   | 2020-04-13 14:30:12.447   | 2.037 ms      
gvec.test/t_vblend/valignr_examples                         | executing     |               | 2020-04-13 14:30:12.447   
gvec.test/t_vblend/valignr_examples                         | executed      | 0.1321 ms     | 2020-04-13 14:30:12.447   | 2020-04-13 14:30:12.447   | 0.1429 ms     
gvec.test/t_vblend/vblend_8x16_basecases                    | executing     |               | 2020-04-13 14:30:12.448   
gvec.test/t_vblend/vblend_8x16_basecases                    | executed      | 1.5365 ms     | 2020-04-13 14:30:12.448   | 2020-04-13 14:30:12.449   | 1.5471 ms     
gvec.test/t_vblend/vblend_4x64_basecases                    | executing     |               | 2020-04-13 14:30:12.450   
gvec.test/t_vblend/vblend_4x64_basecases                    | executed      | 2.308 ms      | 2020-04-13 14:30:12.450   | 2020-04-13 14:30:12.452   | 2.3191 ms     
gvec.test/t_vblend/vblend_2x64_basecases                    | executing     |               | 2020-04-13 14:30:12.453   
gvec.test/t_vblend/vblend_2x64_basecases                    | executed      | 1.2996 ms     | 2020-04-13 14:30:12.453   | 2020-04-13 14:30:12.454   | 1.3105 ms     
gvec.test/t_vblend/vblend_4x32_basecases                    | executing     |               | 2020-04-13 14:30:12.454   
gvec.test/t_vblend/vblend_4x32_basecases                    | executed      | 0.9657 ms     | 2020-04-13 14:30:12.454   | 2020-04-13 14:30:12.455   | 0.9765 ms     
gvec.test/t_vblend/vblend_8x32_basecases                    | executing     |               | 2020-04-13 14:30:12.456   
gvec.test/t_vblend/vblend_8x32_basecases                    | executed      | 2.9804 ms     | 2020-04-13 14:30:12.456   | 2020-04-13 14:30:12.459   | 2.9914 ms     
gvec.test/t_vblend/vblend_32x8_256x32u_basecase             | executing     |               | 2020-04-13 14:30:12.459   
gvec.test/t_vblend/vblend_32x8_256x32u_basecase             | executed      | 2.7416 ms     | 2020-04-13 14:30:12.459   | 2020-04-13 14:30:12.462   | 2.7545 ms     
gvec.test/t_vblend/vblend_32x8_256x64u_basecase             | executing     |               | 2020-04-13 14:30:12.463   
gvec.test/t_vblend/vblend_32x8_256x64u_basecase             | executed      | 3.0663 ms     | 2020-04-13 14:30:12.463   | 2020-04-13 14:30:12.466   | 3.0821 ms     
gvec.test/t_vblend/vblend_32x8_256x64u                      | executing     |               | 2020-04-13 14:30:12.466   
gvec.test/t_vblend/vblend_32x8_256x64u                      | executed      | 21.3937 ms    | 2020-04-13 14:30:12.466   | 2020-04-13 14:30:12.488   | 21.4249 ms    
gvec.test/t_vblend                                          | completed     | 51.6139 ms    | 2020-04-13 14:30:12.437   | 2020-04-13 14:30:12.489   | 51.6151 ms    
gvec.test/t_vbroadcast/vbroadcast_check                     | executing     |               | 2020-04-13 14:30:12.489   
gvec.test/t_vbroadcast/vbroadcast_check                     | executed      | 58.8114 ms    | 2020-04-13 14:30:12.489   | 2020-04-13 14:30:12.548   | 58.8357 ms    
gvec.test/t_vbroadcast                                      | completed     | 60.0425 ms    | 2020-04-13 14:30:12.489   | 2020-04-13 14:30:12.549   | 60.0426 ms    
gvec.test/t_vbyteswap/vbyteswap_outline                     | executing     |               | 2020-04-13 14:30:12.550   
gvec.test/t_vbyteswap/vbyteswap_outline                     | executed      | 5.3792 ms     | 2020-04-13 14:30:12.550   | 2020-04-13 14:30:12.556   | 5.4171 ms     
gvec.test/t_vbyteswap/vbyteswap_check                       | executing     |               | 2020-04-13 14:30:12.556   
gvec.test/t_vbyteswap/vbyteswap_check                       | executed      | 26.9773 ms    | 2020-04-13 14:30:12.556   | 2020-04-13 14:30:12.583   | 26.9913 ms    
gvec.test/t_vbyteswap                                       | completed     | 33.9123 ms    | 2020-04-13 14:30:12.550   | 2020-04-13 14:30:12.584   | 33.9107 ms    
gvec.test/t_vclear/vclear_128x8                             | executing     |               | 2020-04-13 14:30:12.584   
gvec.test/t_vclear/vclear_128x8                             | executed      | 3.8681 ms     | 2020-04-13 14:30:12.584   | 2020-04-13 14:30:12.588   | 3.8834 ms     
gvec.test/t_vclear/vclear_128x32                            | executing     |               | 2020-04-13 14:30:12.589   
gvec.test/t_vclear/vclear_128x32                            | executed      | 2.4889 ms     | 2020-04-13 14:30:12.589   | 2020-04-13 14:30:12.591   | 2.4995 ms     
gvec.test/t_vclear/vclear_256x8                             | executing     |               | 2020-04-13 14:30:12.592   
gvec.test/t_vclear/vclear_256x8                             | executed      | 3.0073 ms     | 2020-04-13 14:30:12.592   | 2020-04-13 14:30:12.595   | 3.0185 ms     
gvec.test/t_vclear/vclear_256x16                            | executing     |               | 2020-04-13 14:30:12.595   
gvec.test/t_vclear/vclear_256x16                            | executed      | 2.8423 ms     | 2020-04-13 14:30:12.595   | 2020-04-13 14:30:12.598   | 2.853 ms      
gvec.test/t_vclear/vclear_256x32                            | executing     |               | 2020-04-13 14:30:12.598   
gvec.test/t_vclear/vclear_256x32                            | executed      | 2.4598 ms     | 2020-04-13 14:30:12.598   | 2020-04-13 14:30:12.601   | 2.4705 ms     
gvec.test/t_vclear/vclear_256x64                            | executing     |               | 2020-04-13 14:30:12.601   
gvec.test/t_vclear/vclear_256x64                            | executed      | 0.2873 ms     | 2020-04-13 14:30:12.601   | 2020-04-13 14:30:12.602   | 0.306 ms      
gvec.test/t_vclear/clearalt_256x8                           | executing     |               | 2020-04-13 14:30:12.602   
gvec.test/t_vclear/clearalt_256x8                           | executed      | 2.5469 ms     | 2020-04-13 14:30:12.602   | 2020-04-13 14:30:12.605   | 2.5581 ms     
gvec.test/t_vclear                                          | completed     | 21.1328 ms    | 2020-04-13 14:30:12.584   | 2020-04-13 14:30:12.605   | 21.1329 ms    
gvec.test/t_vcnonimpl/vcnonimpl_check                       | executing     |               | 2020-04-13 14:30:12.606   
gvec.test/t_vcnonimpl/vcnonimpl_check                       | executed      | 70.6399 ms    | 2020-04-13 14:30:12.606   | 2020-04-13 14:30:12.676   | 70.6571 ms    
gvec.test/t_vcnonimpl                                       | completed     | 71.3592 ms    | 2020-04-13 14:30:12.606   | 2020-04-13 14:30:12.677   | 71.3595 ms    
gvec.test/t_vcompact/vcompact2_128x16x2_128x8_outline       | executing     |               | 2020-04-13 14:30:12.677   
gvec.test/t_vcompact/vcompact2_128x16x2_128x8_outline       | executed      | 4.0165 ms     | 2020-04-13 14:30:12.677   | 2020-04-13 14:30:12.681   | 4.0317 ms     
gvec.test/t_vcompact/vcompact2_256x16x2_256x8_outline       | executing     |               | 2020-04-13 14:30:12.682   
gvec.test/t_vcompact/vcompact2_256x16x2_256x8_outline       | executed      | 2.5877 ms     | 2020-04-13 14:30:12.682   | 2020-04-13 14:30:12.685   | 2.6028 ms     
gvec.test/t_vcompact/vcompact2_2x128x32u_128x16u_outline    | executing     |               | 2020-04-13 14:30:12.685   
gvec.test/t_vcompact/vcompact2_2x128x32u_128x16u_outline    | executed      | 2.589 ms      | 2020-04-13 14:30:12.685   | 2020-04-13 14:30:12.688   | 2.5996 ms     
gvec.test/t_vcompact/vcompact2_2x256x32u_256x16u_outline    | executing     |               | 2020-04-13 14:30:12.688   
gvec.test/t_vcompact/vcompact2_2x256x32u_256x16u_outline    | executed      | 3.2209 ms     | 2020-04-13 14:30:12.688   | 2020-04-13 14:30:12.691   | 3.2353 ms     
gvec.test/t_vcompact/vcompact_2x128x64u_128x32u_outline     | executing     |               | 2020-04-13 14:30:12.692   
gvec.test/t_vcompact/vcompact_2x128x64u_128x32u_outline     | executed      | 0.6698 ms     | 2020-04-13 14:30:12.692   | 2020-04-13 14:30:12.693   | 0.6825 ms     
gvec.test/t_vcompact/vinflate_128x8u_outline                | executing     |               | 2020-04-13 14:30:12.693   
gvec.test/t_vcompact/vinflate_128x8u_outline                | executed      | 2.1925 ms     | 2020-04-13 14:30:12.693   | 2020-04-13 14:30:12.695   | 2.2035 ms     
gvec.test/t_vcompact/vinflate_128x8u_128x16u_outline        | executing     |               | 2020-04-13 14:30:12.696   
gvec.test/t_vcompact/vinflate_128x8u_128x16u_outline        | executed      | 0.9873 ms     | 2020-04-13 14:30:12.696   | 2020-04-13 14:30:12.697   | 0.9983 ms     
gvec.test/t_vcompact/vcompact_128_outline                   | executing     |               | 2020-04-13 14:30:12.697   
gvec.test/t_vcompact/vcompact_128_outline                   | executed      | 4.876 ms      | 2020-04-13 14:30:12.697   | 2020-04-13 14:30:12.702   | 4.8872 ms     
gvec.test/t_vcompact/vinflate_256x8_1024x32_outline         | executing     |               | 2020-04-13 14:30:12.702   
gvec.test/t_vcompact/vinflate_256x8_1024x32_outline         | executed      | 7.3128 ms     | 2020-04-13 14:30:12.702   | 2020-04-13 14:30:12.710   | 7.3239 ms     
gvec.test/t_vcompact/vpackus_128x16x2_128x8_outline         | executing     |               | 2020-04-13 14:30:12.710   
[127,  0, 127,  0, 127,  0, 127,  0, 127,  0, 127,  0, 127,  0, 127,  0]
gvec.test/t_vcompact/vpackus_128x16x2_128x8_outline         | executed      | 2.3106 ms     | 2020-04-13 14:30:12.710   | 2020-04-13 14:30:12.712   | 2.3215 ms     
gvec.test/t_vcompact                                        | completed     | 37.101 ms     | 2020-04-13 14:30:12.677   | 2020-04-13 14:30:12.714   | 37.1014 ms    
gvec.test/t_vconcat/vconcat_check                           | executing     |               | 2020-04-13 14:30:12.715   
gvec.test/t_vconcat/vconcat_check                           | executed      | 10.2184 ms    | 2020-04-13 14:30:12.715   | 2020-04-13 14:30:12.725   | 10.2353 ms    
gvec.test/t_vconcat                                         | completed     | 10.9146 ms    | 2020-04-13 14:30:12.715   | 2020-04-13 14:30:12.726   | 10.9143 ms    
gvec.test/t_vconvert/block_32x8u_to_128x32u                 | executing     |               | 2020-04-13 14:30:12.726   
gvec.test/t_vconvert/block_32x8u_to_128x32u                 | executed      | 2.5378 ms     | 2020-04-13 14:30:12.726   | 2020-04-13 14:30:12.729   | 2.5564 ms     
gvec.test/t_vconvert/block_64x8u_to_2x128x32u               | executing     |               | 2020-04-13 14:30:12.729   
gvec.test/t_vconvert/block_64x8u_to_2x128x32u               | executed      | 1.4888 ms     | 2020-04-13 14:30:12.729   | 2020-04-13 14:30:12.731   | 1.4995 ms     
gvec.test/t_vconvert/block_32x8u_to_2x128x64u               | executing     |               | 2020-04-13 14:30:12.731   
gvec.test/t_vconvert/block_32x8u_to_2x128x64u               | executed      | 0.8503 ms     | 2020-04-13 14:30:12.731   | 2020-04-13 14:30:12.732   | 0.8611 ms     
gvec.test/t_vconvert/block_128x8u_to_2x128x16u              | executing     |               | 2020-04-13 14:30:12.732   
gvec.test/t_vconvert/block_128x8u_to_2x128x16u              | executed      | 1.3034 ms     | 2020-04-13 14:30:12.732   | 2020-04-13 14:30:12.734   | 1.3142 ms     
gvec.test/t_vconvert/v128x8u_v128x16u                       | executing     |               | 2020-04-13 14:30:12.734   
gvec.test/t_vconvert/v128x8u_v128x16u                       | executed      | 0.5817 ms     | 2020-04-13 14:30:12.734   | 2020-04-13 14:30:12.735   | 0.5925 ms     
gvec.test/t_vconvert/m64x8u_v128x16u                        | executing     |               | 2020-04-13 14:30:12.735   
gvec.test/t_vconvert/m64x8u_v128x16u                        | executed      | 0.6353 ms     | 2020-04-13 14:30:12.735   | 2020-04-13 14:30:12.736   | 0.646 ms      
gvec.test/t_vconvert/blockspan_128x8u_v128x16u              | executing     |               | 2020-04-13 14:30:12.736   
gvec.test/t_vconvert/blockspan_128x8u_v128x16u              | executed      | 1.4495 ms     | 2020-04-13 14:30:12.736   | 2020-04-13 14:30:12.738   | 1.4602 ms     
gvec.test/t_vconvert/blockspan_64x8u_v2x128x32u             | executing     |               | 2020-04-13 14:30:12.738   
gvec.test/t_vconvert/blockspan_64x8u_v2x128x32u             | executed      | 1.5507 ms     | 2020-04-13 14:30:12.738   | 2020-04-13 14:30:12.740   | 1.5615 ms     
gvec.test/t_vconvert/vconvert_128x8u_1x256x16u              | executing     |               | 2020-04-13 14:30:12.740   
gvec.test/t_vconvert/vconvert_128x8u_1x256x16u              | executed      | 2.2719 ms     | 2020-04-13 14:30:12.740   | 2020-04-13 14:30:12.742   | 2.2823 ms     
gvec.test/t_vconvert/vconvert_128x8u_2x128x16u              | executing     |               | 2020-04-13 14:30:12.744   
gvec.test/t_vconvert/vconvert_128x8u_2x128x16u              | executed      | 2.228 ms      | 2020-04-13 14:30:12.744   | 2020-04-13 14:30:12.746   | 2.2416 ms     
gvec.test/t_vconvert                                        | completed     | 20.663 ms     | 2020-04-13 14:30:12.726   | 2020-04-13 14:30:12.747   | 20.663 ms     
gvec.test/t_vdec/vdec_check                                 | executing     |               | 2020-04-13 14:30:12.747   
gvec.test/t_vdec/vdec_check                                 | executed      | 61.4388 ms    | 2020-04-13 14:30:12.747   | 2020-04-13 14:30:12.808   | 61.4568 ms    
gvec.test/t_vdec                                            | completed     | 62.403 ms     | 2020-04-13 14:30:12.747   | 2020-04-13 14:30:12.809   | 62.4032 ms    
gvec.test/t_veq/veq_check                                   | executing     |               | 2020-04-13 14:30:12.810   
gvec.test/t_veq/veq_check                                   | executed      | 196.6618 ms   | 2020-04-13 14:30:12.810   | 2020-04-13 14:30:13.006   | 196.6836 ms   
gvec.test/t_veq                                             | completed     | 197.6924 ms   | 2020-04-13 14:30:12.810   | 2020-04-13 14:30:13.007   | 197.6937 ms   
gvec.test/t_vfcmp/eq_128xf64                                | executing     |               | 2020-04-13 14:30:13.008   
gvec.test/t_vfcmp/eq_128xf64                                | executed      | 12.7133 ms    | 2020-04-13 14:30:13.008   | 2020-04-13 14:30:13.021   | 12.7358 ms    
gvec.test/t_vfcmp/neq_128xf64                               | executing     |               | 2020-04-13 14:30:13.021   
gvec.test/t_vfcmp/neq_128xf64                               | executed      | 0.1906 ms     | 2020-04-13 14:30:13.021   | 2020-04-13 14:30:13.022   | 0.2083 ms     
gvec.test/t_vfcmp/lt_128xf64                                | executing     |               | 2020-04-13 14:30:13.022   
gvec.test/t_vfcmp/lt_128xf64                                | executed      | 0.1898 ms     | 2020-04-13 14:30:13.022   | 2020-04-13 14:30:13.022   | 0.2027 ms     
gvec.test/t_vfcmp/lteq_128xf64                              | executing     |               | 2020-04-13 14:30:13.023   
gvec.test/t_vfcmp/lteq_128xf64                              | executed      | 0.1338 ms     | 2020-04-13 14:30:13.023   | 2020-04-13 14:30:13.023   | 0.1441 ms     
gvec.test/t_vfcmp/nlt_128xf64                               | executing     |               | 2020-04-13 14:30:13.023   
gvec.test/t_vfcmp/nlt_128xf64                               | executed      | 0.12 ms       | 2020-04-13 14:30:13.023   | 2020-04-13 14:30:13.023   | 0.1303 ms     
gvec.test/t_vfcmp/nlteq_128xf64                             | executing     |               | 2020-04-13 14:30:13.024   
gvec.test/t_vfcmp/nlteq_128xf64                             | executed      | 0.1256 ms     | 2020-04-13 14:30:13.024   | 2020-04-13 14:30:13.024   | 0.1362 ms     
gvec.test/t_vfcmp/gt128_f64                                 | executing     |               | 2020-04-13 14:30:13.024   
gvec.test/t_vfcmp/gt128_f64                                 | executed      | 0.1291 ms     | 2020-04-13 14:30:13.024   | 2020-04-13 14:30:13.025   | 0.1412 ms     
gvec.test/t_vfcmp/gteq128_f64                               | executing     |               | 2020-04-13 14:30:13.025   
gvec.test/t_vfcmp/gteq128_f64                               | executed      | 0.1275 ms     | 2020-04-13 14:30:13.025   | 2020-04-13 14:30:13.025   | 0.1405 ms     
gvec.test/t_vfcmp/ngt128_f64                                | executing     |               | 2020-04-13 14:30:13.026   
gvec.test/t_vfcmp/ngt128_f64                                | executed      | 0.1299 ms     | 2020-04-13 14:30:13.026   | 2020-04-13 14:30:13.026   | 0.1417 ms     
gvec.test/t_vfcmp/ngteq128_f64                              | executing     |               | 2020-04-13 14:30:13.026   
gvec.test/t_vfcmp/ngteq128_f64                              | executed      | 0.1241 ms     | 2020-04-13 14:30:13.026   | 2020-04-13 14:30:13.026   | 0.1367 ms     
gvec.test/t_vfcmp/eq_256xf64                                | executing     |               | 2020-04-13 14:30:13.027   
gvec.test/t_vfcmp/eq_256xf64                                | executed      | 4.4699 ms     | 2020-04-13 14:30:13.027   | 2020-04-13 14:30:13.031   | 4.4801 ms     
gvec.test/t_vfcmp/neq_256xf64                               | executing     |               | 2020-04-13 14:30:13.031   
gvec.test/t_vfcmp/neq_256xf64                               | executed      | 0.1358 ms     | 2020-04-13 14:30:13.031   | 2020-04-13 14:30:13.032   | 0.1464 ms     
gvec.test/t_vfcmp/lt_256xf64                                | executing     |               | 2020-04-13 14:30:13.032   
gvec.test/t_vfcmp/lt_256xf64                                | executed      | 0.1284 ms     | 2020-04-13 14:30:13.032   | 2020-04-13 14:30:13.032   | 0.1385 ms     
gvec.test/t_vfcmp/lteq_256xf64                              | executing     |               | 2020-04-13 14:30:13.032   
gvec.test/t_vfcmp/lteq_256xf64                              | executed      | 0.1401 ms     | 2020-04-13 14:30:13.032   | 2020-04-13 14:30:13.033   | 0.1502 ms     
gvec.test/t_vfcmp/nlt_256xf64                               | executing     |               | 2020-04-13 14:30:13.033   
gvec.test/t_vfcmp/nlt_256xf64                               | executed      | 0.1274 ms     | 2020-04-13 14:30:13.033   | 2020-04-13 14:30:13.033   | 0.1374 ms     
gvec.test/t_vfcmp/nlteq_256xf64                             | executing     |               | 2020-04-13 14:30:13.033   
gvec.test/t_vfcmp/nlteq_256xf64                             | executed      | 0.1316 ms     | 2020-04-13 14:30:13.033   | 2020-04-13 14:30:13.034   | 0.1414 ms     
gvec.test/t_vfcmp/gt_256xf64                                | executing     |               | 2020-04-13 14:30:13.034   
gvec.test/t_vfcmp/gt_256xf64                                | executed      | 0.1278 ms     | 2020-04-13 14:30:13.034   | 2020-04-13 14:30:13.034   | 0.138 ms      
gvec.test/t_vfcmp/gteq_256xf64                              | executing     |               | 2020-04-13 14:30:13.034   
gvec.test/t_vfcmp/gteq_256xf64                              | executed      | 0.1313 ms     | 2020-04-13 14:30:13.034   | 2020-04-13 14:30:13.035   | 0.1413 ms     
gvec.test/t_vfcmp/ngt_256xf64                               | executing     |               | 2020-04-13 14:30:13.035   
gvec.test/t_vfcmp/ngt_256xf64                               | executed      | 0.1272 ms     | 2020-04-13 14:30:13.035   | 2020-04-13 14:30:13.035   | 0.1372 ms     
gvec.test/t_vfcmp/ngteq256_f64                              | executing     |               | 2020-04-13 14:30:13.036   
gvec.test/t_vfcmp/ngteq256_f64                              | executed      | 0.1343 ms     | 2020-04-13 14:30:13.036   | 2020-04-13 14:30:13.036   | 0.1442 ms     
gvec.test/t_vfcmp/eq_256xf32                                | executing     |               | 2020-04-13 14:30:13.036   
gvec.test/t_vfcmp/eq_256xf32                                | executed      | 9.8224 ms     | 2020-04-13 14:30:13.036   | 2020-04-13 14:30:13.046   | 9.8382 ms     
gvec.test/t_vfcmp/neq_256xf32                               | executing     |               | 2020-04-13 14:30:13.046   
gvec.test/t_vfcmp/neq_256xf32                               | executed      | 0.1711 ms     | 2020-04-13 14:30:13.046   | 2020-04-13 14:30:13.047   | 0.1832 ms     
gvec.test/t_vfcmp/lt_256xf32                                | executing     |               | 2020-04-13 14:30:13.047   
gvec.test/t_vfcmp/lt_256xf32                                | executed      | 0.1492 ms     | 2020-04-13 14:30:13.047   | 2020-04-13 14:30:13.047   | 0.1607 ms     
gvec.test/t_vfcmp/lteq_256xf32                              | executing     |               | 2020-04-13 14:30:13.048   
gvec.test/t_vfcmp/lteq_256xf32                              | executed      | 0.1537 ms     | 2020-04-13 14:30:13.048   | 2020-04-13 14:30:13.048   | 0.1635 ms     
gvec.test/t_vfcmp/nlt_256xf32                               | executing     |               | 2020-04-13 14:30:13.048   
gvec.test/t_vfcmp/nlt_256xf32                               | executed      | 0.2489 ms     | 2020-04-13 14:30:13.048   | 2020-04-13 14:30:13.048   | 0.2617 ms     
gvec.test/t_vfcmp/nlteq_256xf32                             | executing     |               | 2020-04-13 14:30:13.049   
gvec.test/t_vfcmp/nlteq_256xf32                             | executed      | 0.1695 ms     | 2020-04-13 14:30:13.049   | 2020-04-13 14:30:13.049   | 0.1816 ms     
gvec.test/t_vfcmp/gt_256xf32                                | executing     |               | 2020-04-13 14:30:13.049   
gvec.test/t_vfcmp/gt_256xf32                                | executed      | 0.1533 ms     | 2020-04-13 14:30:13.049   | 2020-04-13 14:30:13.049   | 0.1636 ms     
gvec.test/t_vfcmp/gteq_256xf32                              | executing     |               | 2020-04-13 14:30:13.050   
gvec.test/t_vfcmp/gteq_256xf32                              | executed      | 0.1698 ms     | 2020-04-13 14:30:13.050   | 2020-04-13 14:30:13.050   | 0.1814 ms     
gvec.test/t_vfcmp/ngt_256xf32                               | executing     |               | 2020-04-13 14:30:13.050   
gvec.test/t_vfcmp/ngt_256xf32                               | executed      | 0.149 ms      | 2020-04-13 14:30:13.050   | 2020-04-13 14:30:13.051   | 0.1589 ms     
gvec.test/t_vfcmp/ngteq_256xf32                             | executing     |               | 2020-04-13 14:30:13.051   
gvec.test/t_vfcmp/ngteq_256xf32                             | executed      | 0.1477 ms     | 2020-04-13 14:30:13.051   | 2020-04-13 14:30:13.051   | 0.1577 ms     
gvec.test/t_vfcmp                                           | completed     | 43.7742 ms    | 2020-04-13 14:30:13.008   | 2020-04-13 14:30:13.052   | 43.7737 ms    
gvec.test/t_vformat                                         | completed     | 0.6092 ms     | 2020-04-13 14:30:13.052   | 2020-04-13 14:30:13.052   | 0.6092 ms     
gvec.test/t_vgather/vgather_check                           | executing     |               | 2020-04-13 14:30:13.053   
gvec.test/t_vgather/vgather_check                           | executed      | 88.6984 ms    | 2020-04-13 14:30:13.053   | 2020-04-13 14:30:13.141   | 88.7139 ms    
gvec.test/t_vgather                                         | completed     | 89.4598 ms    | 2020-04-13 14:30:13.053   | 2020-04-13 14:30:13.142   | 89.4601 ms    
gvec.test/t_vgt/vgt_check                                   | executing     |               | 2020-04-13 14:30:13.143   
gvec.test/t_vgt/vgt_check                                   | executed      | 80.0337 ms    | 2020-04-13 14:30:13.143   | 2020-04-13 14:30:13.223   | 80.064 ms     
gvec.test/t_vgt                                             | completed     | 80.8027 ms    | 2020-04-13 14:30:13.142   | 2020-04-13 14:30:13.223   | 80.8029 ms    
gvec.test/t_vhi/vhi_128x8u                                  | executing     |               | 2020-04-13 14:30:13.224   
gvec.test/t_vhi/vhi_128x8u                                  | executed      | 3.7158 ms     | 2020-04-13 14:30:13.224   | 2020-04-13 14:30:13.227   | 3.7332 ms     
gvec.test/t_vhi/vhi_128x8i                                  | executing     |               | 2020-04-13 14:30:13.228   
gvec.test/t_vhi/vhi_128x8i                                  | executed      | 2.812 ms      | 2020-04-13 14:30:13.228   | 2020-04-13 14:30:13.231   | 2.8233 ms     
gvec.test/t_vhi/vhi_128x16i                                 | executing     |               | 2020-04-13 14:30:13.231   
gvec.test/t_vhi/vhi_128x16i                                 | executed      | 2.5936 ms     | 2020-04-13 14:30:13.231   | 2020-04-13 14:30:13.234   | 2.604 ms      
gvec.test/t_vhi/vhi_128x16u                                 | executing     |               | 2020-04-13 14:30:13.234   
gvec.test/t_vhi/vhi_128x16u                                 | executed      | 2.1177 ms     | 2020-04-13 14:30:13.234   | 2020-04-13 14:30:13.237   | 2.1279 ms     
gvec.test/t_vhi/vhi_128x32i                                 | executing     |               | 2020-04-13 14:30:13.237   
gvec.test/t_vhi/vhi_128x32i                                 | executed      | 3.2222 ms     | 2020-04-13 14:30:13.237   | 2020-04-13 14:30:13.240   | 3.2362 ms     
gvec.test/t_vhi/vhi_128x32u                                 | executing     |               | 2020-04-13 14:30:13.241   
gvec.test/t_vhi/vhi_128x32u                                 | executed      | 2.3747 ms     | 2020-04-13 14:30:13.241   | 2020-04-13 14:30:13.243   | 2.388 ms      
gvec.test/t_vhi/vhi_128x64i                                 | executing     |               | 2020-04-13 14:30:13.244   
gvec.test/t_vhi/vhi_128x64i                                 | executed      | 2.833 ms      | 2020-04-13 14:30:13.244   | 2020-04-13 14:30:13.247   | 2.8477 ms     
gvec.test/t_vhi/vhi_128x64u                                 | executing     |               | 2020-04-13 14:30:13.247   
gvec.test/t_vhi/vhi_128x64u                                 | executed      | 2.112 ms      | 2020-04-13 14:30:13.247   | 2020-04-13 14:30:13.249   | 2.1288 ms     
gvec.test/t_vhi/vhi_128x32f                                 | executing     |               | 2020-04-13 14:30:13.250   
gvec.test/t_vhi/vhi_128x32f                                 | executed      | 3.4712 ms     | 2020-04-13 14:30:13.250   | 2020-04-13 14:30:13.253   | 3.4815 ms     
gvec.test/t_vhi/vhi_128x64f                                 | executing     |               | 2020-04-13 14:30:13.254   
gvec.test/t_vhi/vhi_128x64f                                 | executed      | 2.7585 ms     | 2020-04-13 14:30:13.254   | 2020-04-13 14:30:13.257   | 2.7706 ms     
gvec.test/t_vhi/vhi_256x8u                                  | executing     |               | 2020-04-13 14:30:13.258   
gvec.test/t_vhi/vhi_256x8u                                  | executed      | 3.1597 ms     | 2020-04-13 14:30:13.258   | 2020-04-13 14:30:13.261   | 3.171 ms      
gvec.test/t_vhi/vhi_256x8i                                  | executing     |               | 2020-04-13 14:30:13.261   
gvec.test/t_vhi/vhi_256x8i                                  | executed      | 2.243 ms      | 2020-04-13 14:30:13.261   | 2020-04-13 14:30:13.263   | 2.2557 ms     
gvec.test/t_vhi/vhi_256x16i                                 | executing     |               | 2020-04-13 14:30:13.264   
gvec.test/t_vhi/vhi_256x16i                                 | executed      | 2.2068 ms     | 2020-04-13 14:30:13.264   | 2020-04-13 14:30:13.266   | 2.2184 ms     
gvec.test/t_vhi/vhi_256x16u                                 | executing     |               | 2020-04-13 14:30:13.267   
gvec.test/t_vhi/vhi_256x16u                                 | executed      | 2.555 ms      | 2020-04-13 14:30:13.267   | 2020-04-13 14:30:13.269   | 2.5688 ms     
gvec.test/t_vhi/vhi_256x32i                                 | executing     |               | 2020-04-13 14:30:13.270   
gvec.test/t_vhi/vhi_256x32i                                 | executed      | 3.032 ms      | 2020-04-13 14:30:13.270   | 2020-04-13 14:30:13.273   | 3.0482 ms     
gvec.test/t_vhi/vhi_256x32u                                 | executing     |               | 2020-04-13 14:30:13.273   
gvec.test/t_vhi/vhi_256x32u                                 | executed      | 2.5285 ms     | 2020-04-13 14:30:13.273   | 2020-04-13 14:30:13.276   | 2.5432 ms     
gvec.test/t_vhi/vhi_256x64i                                 | executing     |               | 2020-04-13 14:30:13.276   
gvec.test/t_vhi/vhi_256x64i                                 | executed      | 2.3489 ms     | 2020-04-13 14:30:13.276   | 2020-04-13 14:30:13.279   | 2.3605 ms     
gvec.test/t_vhi/vhi_256x64u                                 | executing     |               | 2020-04-13 14:30:13.279   
gvec.test/t_vhi/vhi_256x64u                                 | executed      | 2.1701 ms     | 2020-04-13 14:30:13.279   | 2020-04-13 14:30:13.281   | 2.1821 ms     
gvec.test/t_vhi/vhi_256x32f                                 | executing     |               | 2020-04-13 14:30:13.282   
gvec.test/t_vhi/vhi_256x32f                                 | executed      | 2.9934 ms     | 2020-04-13 14:30:13.282   | 2020-04-13 14:30:13.285   | 3.004 ms      
gvec.test/t_vhi/vhi_256x64f                                 | executing     |               | 2020-04-13 14:30:13.285   
gvec.test/t_vhi/vhi_256x64f                                 | executed      | 2.5772 ms     | 2020-04-13 14:30:13.285   | 2020-04-13 14:30:13.288   | 2.5898 ms     
gvec.test/t_vhi                                             | completed     | 64.8739 ms    | 2020-04-13 14:30:13.224   | 2020-04-13 14:30:13.288   | 64.8739 ms    
gvec.test/t_vinc/vinc_check                                 | executing     |               | 2020-04-13 14:30:13.289   
gvec.test/t_vinc/vinc_check                                 | executed      | 62.7823 ms    | 2020-04-13 14:30:13.289   | 2020-04-13 14:30:13.352   | 62.8014 ms    
gvec.test/t_vinc                                            | completed     | 63.5456 ms    | 2020-04-13 14:30:13.289   | 2020-04-13 14:30:13.352   | 63.5456 ms    
gvec.test/t_vinsert/vinsert_128x8i                          | executing     |               | 2020-04-13 14:30:13.353   
gvec.test/t_vinsert/vinsert_128x8i                          | executed      | 5.1648 ms     | 2020-04-13 14:30:13.353   | 2020-04-13 14:30:13.358   | 5.1811 ms     
gvec.test/t_vinsert/vinsert_128x8u                          | executing     |               | 2020-04-13 14:30:13.358   
gvec.test/t_vinsert/vinsert_128x8u                          | executed      | 13.0325 ms    | 2020-04-13 14:30:13.358   | 2020-04-13 14:30:13.372   | 13.0611 ms    
gvec.test/t_vinsert/vinsert_128x16i                         | executing     |               | 2020-04-13 14:30:13.373   
gvec.test/t_vinsert/vinsert_128x16i                         | executed      | 7.6093 ms     | 2020-04-13 14:30:13.373   | 2020-04-13 14:30:13.380   | 7.6314 ms     
gvec.test/t_vinsert/vinsert_128x16u                         | executing     |               | 2020-04-13 14:30:13.381   
gvec.test/t_vinsert/vinsert_128x16u                         | executed      | 4.5836 ms     | 2020-04-13 14:30:13.381   | 2020-04-13 14:30:13.385   | 4.5942 ms     
gvec.test/t_vinsert/vinsert_128x32i                         | executing     |               | 2020-04-13 14:30:13.386   
gvec.test/t_vinsert/vinsert_128x32i                         | executed      | 3.8978 ms     | 2020-04-13 14:30:13.386   | 2020-04-13 14:30:13.390   | 3.9082 ms     
gvec.test/t_vinsert/vinsert_128x32u                         | executing     |               | 2020-04-13 14:30:13.390   
gvec.test/t_vinsert/vinsert_128x32u                         | executed      | 4.431 ms      | 2020-04-13 14:30:13.390   | 2020-04-13 14:30:13.395   | 4.4455 ms     
gvec.test/t_vinsert/vinsert_128x64i                         | executing     |               | 2020-04-13 14:30:13.395   
gvec.test/t_vinsert/vinsert_128x64i                         | executed      | 5.052 ms      | 2020-04-13 14:30:13.395   | 2020-04-13 14:30:13.400   | 5.0629 ms     
gvec.test/t_vinsert/vinsert_128x64u                         | executing     |               | 2020-04-13 14:30:13.401   
gvec.test/t_vinsert/vinsert_128x64u                         | executed      | 4.4696 ms     | 2020-04-13 14:30:13.401   | 2020-04-13 14:30:13.405   | 4.4804 ms     
gvec.test/t_vinsert/vinsert_128x32f                         | executing     |               | 2020-04-13 14:30:13.406   
gvec.test/t_vinsert/vinsert_128x32f                         | executed      | 5.6626 ms     | 2020-04-13 14:30:13.406   | 2020-04-13 14:30:13.411   | 5.6735 ms     
gvec.test/t_vinsert/vinsert_128x64f                         | executing     |               | 2020-04-13 14:30:13.412   
gvec.test/t_vinsert/vinsert_128x64f                         | executed      | 5.5581 ms     | 2020-04-13 14:30:13.412   | 2020-04-13 14:30:13.417   | 5.5693 ms     
gvec.test/t_vinsert                                         | completed     | 65.5167 ms    | 2020-04-13 14:30:13.352   | 2020-04-13 14:30:13.418   | 65.517 ms     
gvec.test/t_vlo/vlo_128x8u                                  | executing     |               | 2020-04-13 14:30:13.419   
gvec.test/t_vlo/vlo_128x8u                                  | executed      | 2.9765 ms     | 2020-04-13 14:30:13.419   | 2020-04-13 14:30:13.422   | 2.9944 ms     
gvec.test/t_vlo/vlo_128x8i                                  | executing     |               | 2020-04-13 14:30:13.422   
gvec.test/t_vlo/vlo_128x8i                                  | executed      | 2.1475 ms     | 2020-04-13 14:30:13.422   | 2020-04-13 14:30:13.424   | 2.1585 ms     
gvec.test/t_vlo/vlo_128x16i                                 | executing     |               | 2020-04-13 14:30:13.425   
gvec.test/t_vlo/vlo_128x16i                                 | executed      | 1.9954 ms     | 2020-04-13 14:30:13.425   | 2020-04-13 14:30:13.427   | 2.0061 ms     
gvec.test/t_vlo/vlo_128x16u                                 | executing     |               | 2020-04-13 14:30:13.427   
gvec.test/t_vlo/vlo_128x16u                                 | executed      | 2.0068 ms     | 2020-04-13 14:30:13.427   | 2020-04-13 14:30:13.429   | 2.0179 ms     
gvec.test/t_vlo/vlo_128x32i                                 | executing     |               | 2020-04-13 14:30:13.430   
gvec.test/t_vlo/vlo_128x32i                                 | executed      | 1.9383 ms     | 2020-04-13 14:30:13.430   | 2020-04-13 14:30:13.432   | 1.9492 ms     
gvec.test/t_vlo/vlo_128x32u                                 | executing     |               | 2020-04-13 14:30:13.432   
gvec.test/t_vlo/vlo_128x32u                                 | executed      | 1.9329 ms     | 2020-04-13 14:30:13.432   | 2020-04-13 14:30:13.434   | 1.9449 ms     
gvec.test/t_vlo/vlo_128x64i                                 | executing     |               | 2020-04-13 14:30:13.435   
gvec.test/t_vlo/vlo_128x64i                                 | executed      | 1.9542 ms     | 2020-04-13 14:30:13.435   | 2020-04-13 14:30:13.437   | 1.9654 ms     
gvec.test/t_vlo/vlo_128x64u                                 | executing     |               | 2020-04-13 14:30:13.437   
gvec.test/t_vlo/vlo_128x64u                                 | executed      | 1.9139 ms     | 2020-04-13 14:30:13.437   | 2020-04-13 14:30:13.439   | 1.9252 ms     
gvec.test/t_vlo/vlo_128x32f                                 | executing     |               | 2020-04-13 14:30:13.440   
gvec.test/t_vlo/vlo_128x32f                                 | executed      | 1.9745 ms     | 2020-04-13 14:30:13.440   | 2020-04-13 14:30:13.442   | 1.9861 ms     
gvec.test/t_vlo/vlo_128x64f                                 | executing     |               | 2020-04-13 14:30:13.442   
gvec.test/t_vlo/vlo_128x64f                                 | executed      | 1.9296 ms     | 2020-04-13 14:30:13.442   | 2020-04-13 14:30:13.444   | 1.9408 ms     
gvec.test/t_vlo/vlo_256x8u                                  | executing     |               | 2020-04-13 14:30:13.445   
gvec.test/t_vlo/vlo_256x8u                                  | executed      | 2.6275 ms     | 2020-04-13 14:30:13.445   | 2020-04-13 14:30:13.447   | 2.6387 ms     
gvec.test/t_vlo/vlo_256x8i                                  | executing     |               | 2020-04-13 14:30:13.448   
gvec.test/t_vlo/vlo_256x8i                                  | executed      | 2.0066 ms     | 2020-04-13 14:30:13.448   | 2020-04-13 14:30:13.450   | 2.0177 ms     
gvec.test/t_vlo/vlo_256x16i                                 | executing     |               | 2020-04-13 14:30:13.450   
gvec.test/t_vlo/vlo_256x16i                                 | executed      | 1.9534 ms     | 2020-04-13 14:30:13.450   | 2020-04-13 14:30:13.452   | 1.9668 ms     
gvec.test/t_vlo/vlo_256x16u                                 | executing     |               | 2020-04-13 14:30:13.453   
gvec.test/t_vlo/vlo_256x16u                                 | executed      | 1.8964 ms     | 2020-04-13 14:30:13.453   | 2020-04-13 14:30:13.455   | 1.9091 ms     
gvec.test/t_vlo/vlo_256x32i                                 | executing     |               | 2020-04-13 14:30:13.455   
gvec.test/t_vlo/vlo_256x32i                                 | executed      | 1.9529 ms     | 2020-04-13 14:30:13.455   | 2020-04-13 14:30:13.457   | 1.9643 ms     
gvec.test/t_vlo/vlo_256x32u                                 | executing     |               | 2020-04-13 14:30:13.458   
gvec.test/t_vlo/vlo_256x32u                                 | executed      | 1.9224 ms     | 2020-04-13 14:30:13.458   | 2020-04-13 14:30:13.460   | 1.9336 ms     
gvec.test/t_vlo/vlo_256x64i                                 | executing     |               | 2020-04-13 14:30:13.460   
gvec.test/t_vlo/vlo_256x64i                                 | executed      | 1.9188 ms     | 2020-04-13 14:30:13.460   | 2020-04-13 14:30:13.462   | 1.9304 ms     
gvec.test/t_vlo/vlo_256x64u                                 | executing     |               | 2020-04-13 14:30:13.463   
gvec.test/t_vlo/vlo_256x64u                                 | executed      | 1.8756 ms     | 2020-04-13 14:30:13.463   | 2020-04-13 14:30:13.465   | 1.8869 ms     
gvec.test/t_vlo/vlo_256x32f                                 | executing     |               | 2020-04-13 14:30:13.465   
gvec.test/t_vlo/vlo_256x32f                                 | executed      | 1.9859 ms     | 2020-04-13 14:30:13.465   | 2020-04-13 14:30:13.467   | 1.9973 ms     
gvec.test/t_vlo/vlo_256x64f                                 | executing     |               | 2020-04-13 14:30:13.468   
gvec.test/t_vlo/vlo_256x64f                                 | executed      | 2.1162 ms     | 2020-04-13 14:30:13.468   | 2020-04-13 14:30:13.470   | 2.1278 ms     
gvec.test/t_vlo                                             | completed     | 52.0484 ms    | 2020-04-13 14:30:13.418   | 2020-04-13 14:30:13.470   | 52.0485 ms    
gvec.test/t_vlt/vlt_check                                   | executing     |               | 2020-04-13 14:30:13.471   
gvec.test/t_vlt/vlt_check                                   | executed      | 85.4973 ms    | 2020-04-13 14:30:13.471   | 2020-04-13 14:30:13.556   | 85.5259 ms    
gvec.test/t_vlt                                             | completed     | 86.6547 ms    | 2020-04-13 14:30:13.471   | 2020-04-13 14:30:13.557   | 86.6557 ms    
gvec.test/t_vlut/lut16_rep_check                            | executing     |               | 2020-04-13 14:30:13.558   
gvec.test/t_vlut/lut16_rep_check                            | executed      | 2.9378 ms     | 2020-04-13 14:30:13.558   | 2020-04-13 14:30:13.561   | 2.9559 ms     
gvec.test/t_vlut/lut32_rep_check                            | executing     |               | 2020-04-13 14:30:13.562   
gvec.test/t_vlut/lut32_rep_check                            | executed      | 3.8852 ms     | 2020-04-13 14:30:13.562   | 2020-04-13 14:30:13.566   | 3.9006 ms     
gvec.test/t_vlut                                            | completed     | 8.3434 ms     | 2020-04-13 14:30:13.558   | 2020-04-13 14:30:13.566   | 8.3435 ms     
gvec.test/t_vmakemask/vmakemask_128                         | executing     |               | 2020-04-13 14:30:13.567   
gvec.test/t_vmakemask/vmakemask_128                         | executed      | 1.0439 ms     | 2020-04-13 14:30:13.567   | 2020-04-13 14:30:13.568   | 1.0616 ms     
gvec.test/t_vmakemask/vmakemask_256                         | executing     |               | 2020-04-13 14:30:13.568   
gvec.test/t_vmakemask/vmakemask_256                         | executed      | 0.886 ms      | 2020-04-13 14:30:13.568   | 2020-04-13 14:30:13.569   | 0.8976 ms     
gvec.test/t_vmakemask                                       | completed     | 3.316 ms      | 2020-04-13 14:30:13.566   | 2020-04-13 14:30:13.570   | 3.3161 ms     
gvec.test/t_vmaskstore/vmstore_128x8                        | executing     |               | 2020-04-13 14:30:13.570   
gvec.test/t_vmaskstore/vmstore_128x8                        | executed      | 6.3024 ms     | 2020-04-13 14:30:13.570   | 2020-04-13 14:30:13.577   | 6.3227 ms     
gvec.test/t_vmaskstore/vmaskstore_256x8                     | executing     |               | 2020-04-13 14:30:13.577   
gvec.test/t_vmaskstore/vmaskstore_256x8                     | executed      | 7.7118 ms     | 2020-04-13 14:30:13.577   | 2020-04-13 14:30:13.585   | 7.7295 ms     
gvec.test/t_vmaskstore                                      | completed     | 15.6045 ms    | 2020-04-13 14:30:13.570   | 2020-04-13 14:30:13.586   | 15.6056 ms    
gvec.test/t_vmax/vmax_check                                 | executing     |               | 2020-04-13 14:30:13.587   
gvec.test/t_vmax/vmax_check                                 | executed      | 112.4322 ms   | 2020-04-13 14:30:13.587   | 2020-04-13 14:30:13.699   | 112.4553 ms   
gvec.test/t_vmax                                            | completed     | 113.5269 ms   | 2020-04-13 14:30:13.586   | 2020-04-13 14:30:13.700   | 113.5285 ms   
gvec.test/t_vmin/vmin_check                                 | executing     |               | 2020-04-13 14:30:13.701   
gvec.test/t_vmin/vmin_check                                 | executed      | 117.9768 ms   | 2020-04-13 14:30:13.701   | 2020-04-13 14:30:13.819   | 118.0063 ms   
gvec.test/t_vmin                                            | completed     | 119.0093 ms   | 2020-04-13 14:30:13.701   | 2020-04-13 14:30:13.820   | 119.0076 ms   
gvec.test/t_vnegate/vnegate_check                           | executing     |               | 2020-04-13 14:30:13.820   
gvec.test/t_vnegate/vnegate_check                           | executed      | 84.6901 ms    | 2020-04-13 14:30:13.820   | 2020-04-13 14:30:13.905   | 84.715 ms     
gvec.test/t_vnegate                                         | completed     | 85.5485 ms    | 2020-04-13 14:30:13.820   | 2020-04-13 14:30:13.906   | 85.5489 ms    
gvec.test/t_vnonz/vnonz_check                               | executing     |               | 2020-04-13 14:30:13.906   
gvec.test/t_vnonz/vnonz_check                               | executed      | 49.0457 ms    | 2020-04-13 14:30:13.906   | 2020-04-13 14:30:13.955   | 49.069 ms     
gvec.test/t_vnonz                                           | completed     | 49.9551 ms    | 2020-04-13 14:30:13.906   | 2020-04-13 14:30:13.956   | 49.9553 ms    
gvec.test/t_vnot/vnot_check                                 | executing     |               | 2020-04-13 14:30:13.956   
gvec.test/t_vnot/vnot_check                                 | executed      | 70.0689 ms    | 2020-04-13 14:30:13.956   | 2020-04-13 14:30:14.026   | 70.0925 ms    
gvec.test/t_vnot                                            | completed     | 71.1217 ms    | 2020-04-13 14:30:13.956   | 2020-04-13 14:30:14.027   | 71.124 ms     
gvec.test/t_vor/vor_check                                   | executing     |               | 2020-04-13 14:30:14.028   
gvec.test/t_vor/vor_check                                   | executed      | 82.7966 ms    | 2020-04-13 14:30:14.028   | 2020-04-13 14:30:14.111   | 82.8336 ms    
gvec.test/t_vor/vor_128x8i                                  | executing     |               | 2020-04-13 14:30:14.112   
gvec.test/t_vor/vor_128x8i                                  | executed      | 0.2325 ms     | 2020-04-13 14:30:14.112   | 2020-04-13 14:30:14.112   | 0.2447 ms     
gvec.test/t_vor/vor_128x8u                                  | executing     |               | 2020-04-13 14:30:14.113   
gvec.test/t_vor/vor_128x8u                                  | executed      | 0.1957 ms     | 2020-04-13 14:30:14.113   | 2020-04-13 14:30:14.113   | 0.2075 ms     
gvec.test/t_vor/vor_128x16i                                 | executing     |               | 2020-04-13 14:30:14.113   
gvec.test/t_vor/vor_128x16i                                 | executed      | 0.1931 ms     | 2020-04-13 14:30:14.113   | 2020-04-13 14:30:14.114   | 0.2032 ms     
gvec.test/t_vor/vor_128x16u                                 | executing     |               | 2020-04-13 14:30:14.114   
gvec.test/t_vor/vor_128x16u                                 | executed      | 0.2048 ms     | 2020-04-13 14:30:14.114   | 2020-04-13 14:30:14.114   | 0.2165 ms     
gvec.test/t_vor/vor_128x32i                                 | executing     |               | 2020-04-13 14:30:14.115   
gvec.test/t_vor/vor_128x32i                                 | executed      | 0.2041 ms     | 2020-04-13 14:30:14.115   | 2020-04-13 14:30:14.115   | 0.2145 ms     
gvec.test/t_vor/vor_128x32u                                 | executing     |               | 2020-04-13 14:30:14.115   
gvec.test/t_vor/vor_128x32u                                 | executed      | 0.2114 ms     | 2020-04-13 14:30:14.115   | 2020-04-13 14:30:14.116   | 0.2228 ms     
gvec.test/t_vor/vor_128x64i                                 | executing     |               | 2020-04-13 14:30:14.116   
gvec.test/t_vor/vor_128x64i                                 | executed      | 0.2035 ms     | 2020-04-13 14:30:14.116   | 2020-04-13 14:30:14.116   | 0.2149 ms     
gvec.test/t_vor/vor_128x64u                                 | executing     |               | 2020-04-13 14:30:14.117   
gvec.test/t_vor/vor_128x64u                                 | executed      | 0.1959 ms     | 2020-04-13 14:30:14.117   | 2020-04-13 14:30:14.117   | 0.2074 ms     
gvec.test/t_vor/vor_256x8i                                  | executing     |               | 2020-04-13 14:30:14.117   
gvec.test/t_vor/vor_256x8i                                  | executed      | 0.1907 ms     | 2020-04-13 14:30:14.117   | 2020-04-13 14:30:14.117   | 0.2021 ms     
gvec.test/t_vor/vor_256x8u                                  | executing     |               | 2020-04-13 14:30:14.118   
gvec.test/t_vor/vor_256x8u                                  | executed      | 0.5023 ms     | 2020-04-13 14:30:14.118   | 2020-04-13 14:30:14.118   | 0.529 ms      
gvec.test/t_vor/vor_256x16i                                 | executing     |               | 2020-04-13 14:30:14.119   
gvec.test/t_vor/vor_256x16i                                 | executed      | 0.1936 ms     | 2020-04-13 14:30:14.119   | 2020-04-13 14:30:14.119   | 0.2034 ms     
gvec.test/t_vor/vor_256x16u                                 | executing     |               | 2020-04-13 14:30:14.120   
gvec.test/t_vor/vor_256x16u                                 | executed      | 0.1954 ms     | 2020-04-13 14:30:14.120   | 2020-04-13 14:30:14.120   | 0.2053 ms     
gvec.test/t_vor/vor_256x32i                                 | executing     |               | 2020-04-13 14:30:14.121   
gvec.test/t_vor/vor_256x32i                                 | executed      | 0.2108 ms     | 2020-04-13 14:30:14.121   | 2020-04-13 14:30:14.121   | 0.2209 ms     
gvec.test/t_vor/vor_256x32u                                 | executing     |               | 2020-04-13 14:30:14.121   
gvec.test/t_vor/vor_256x32u                                 | executed      | 0.196 ms      | 2020-04-13 14:30:14.121   | 2020-04-13 14:30:14.122   | 0.2061 ms     
gvec.test/t_vor/vor_256x64i                                 | executing     |               | 2020-04-13 14:30:14.122   
gvec.test/t_vor/vor_256x64i                                 | executed      | 0.2012 ms     | 2020-04-13 14:30:14.122   | 2020-04-13 14:30:14.122   | 0.2112 ms     
gvec.test/t_vor/vor_256x64u                                 | executing     |               | 2020-04-13 14:30:14.123   
gvec.test/t_vor/vor_256x64u                                 | executed      | 0.2045 ms     | 2020-04-13 14:30:14.123   | 2020-04-13 14:30:14.123   | 0.2178 ms     
gvec.test/t_vor/vor_blocks_128x8i                           | executing     |               | 2020-04-13 14:30:14.123   
gvec.test/t_vor/vor_blocks_128x8i                           | executed      | 6.81 ms       | 2020-04-13 14:30:14.123   | 2020-04-13 14:30:14.130   | 6.8277 ms     
gvec.test/t_vor/vor_blocks_256x8i                           | executing     |               | 2020-04-13 14:30:14.131   
gvec.test/t_vor/vor_blocks_256x8i                           | executed      | 3.7009 ms     | 2020-04-13 14:30:14.131   | 2020-04-13 14:30:14.135   | 3.7147 ms     
gvec.test/t_vor/vor_blocks_128x8u                           | executing     |               | 2020-04-13 14:30:14.135   
gvec.test/t_vor/vor_blocks_128x8u                           | executed      | 2.6301 ms     | 2020-04-13 14:30:14.135   | 2020-04-13 14:30:14.138   | 2.6416 ms     
gvec.test/t_vor/vor_blocks_128x16i                          | executing     |               | 2020-04-13 14:30:14.138   
gvec.test/t_vor/vor_blocks_128x16i                          | executed      | 2.7663 ms     | 2020-04-13 14:30:14.138   | 2020-04-13 14:30:14.141   | 2.7822 ms     
gvec.test/t_vor/vor_blocks_128x16u                          | executing     |               | 2020-04-13 14:30:14.141   
gvec.test/t_vor/vor_blocks_128x16u                          | executed      | 2.5289 ms     | 2020-04-13 14:30:14.141   | 2020-04-13 14:30:14.144   | 2.5434 ms     
gvec.test/t_vor/vor_blocks_128x32i                          | executing     |               | 2020-04-13 14:30:14.144   
gvec.test/t_vor/vor_blocks_128x32i                          | executed      | 2.4699 ms     | 2020-04-13 14:30:14.144   | 2020-04-13 14:30:14.147   | 2.4814 ms     
gvec.test/t_vor/vor_blocks_128x32u                          | executing     |               | 2020-04-13 14:30:14.147   
gvec.test/t_vor/vor_blocks_128x32u                          | executed      | 2.4025 ms     | 2020-04-13 14:30:14.147   | 2020-04-13 14:30:14.150   | 2.4135 ms     
gvec.test/t_vor/vor_blocks_128x64i                          | executing     |               | 2020-04-13 14:30:14.150   
gvec.test/t_vor/vor_blocks_128x64i                          | executed      | 2.4545 ms     | 2020-04-13 14:30:14.150   | 2020-04-13 14:30:14.153   | 2.467 ms      
gvec.test/t_vor/vor_blocks_128x64u                          | executing     |               | 2020-04-13 14:30:14.153   
gvec.test/t_vor/vor_blocks_128x64u                          | executed      | 2.4003 ms     | 2020-04-13 14:30:14.153   | 2020-04-13 14:30:14.156   | 2.4154 ms     
gvec.test/t_vor/vor_blocks_256x8u                           | executing     |               | 2020-04-13 14:30:14.156   
gvec.test/t_vor/vor_blocks_256x8u                           | executed      | 2.7085 ms     | 2020-04-13 14:30:14.156   | 2020-04-13 14:30:14.159   | 2.7196 ms     
gvec.test/t_vor/vor_blocks_256x16i                          | executing     |               | 2020-04-13 14:30:14.159   
gvec.test/t_vor/vor_blocks_256x16i                          | executed      | 2.758 ms      | 2020-04-13 14:30:14.159   | 2020-04-13 14:30:14.162   | 2.7691 ms     
gvec.test/t_vor/vor_blocks_256x16u                          | executing     |               | 2020-04-13 14:30:14.162   
gvec.test/t_vor/vor_blocks_256x16u                          | executed      | 3.0945 ms     | 2020-04-13 14:30:14.162   | 2020-04-13 14:30:14.166   | 3.1199 ms     
gvec.test/t_vor/vor_blocks_256x32i                          | executing     |               | 2020-04-13 14:30:14.167   
gvec.test/t_vor/vor_blocks_256x32i                          | executed      | 2.9343 ms     | 2020-04-13 14:30:14.167   | 2020-04-13 14:30:14.170   | 2.9523 ms     
gvec.test/t_vor/vor_blocks_256x32u                          | executing     |               | 2020-04-13 14:30:14.170   
gvec.test/t_vor/vor_blocks_256x32u                          | executed      | 2.521 ms      | 2020-04-13 14:30:14.170   | 2020-04-13 14:30:14.173   | 2.5335 ms     
gvec.test/t_vor/vor_blocks_256x64i                          | executing     |               | 2020-04-13 14:30:14.173   
gvec.test/t_vor/vor_blocks_256x64i                          | executed      | 3.0624 ms     | 2020-04-13 14:30:14.173   | 2020-04-13 14:30:14.176   | 3.074 ms      
gvec.test/t_vor/vor_blocks_256x64u                          | executing     |               | 2020-04-13 14:30:14.177   
gvec.test/t_vor/vor_blocks_256x64u                          | executed      | 2.3769 ms     | 2020-04-13 14:30:14.177   | 2020-04-13 14:30:14.179   | 2.3885 ms     
gvec.test/t_vor                                             | completed     | 151.9781 ms   | 2020-04-13 14:30:14.028   | 2020-04-13 14:30:14.180   | 151.9765 ms   
gvec.test/t_vpatterns/vunits_check                          | executing     |               | 2020-04-13 14:30:14.180   
gvec.test/t_vpatterns/vunits_check                          | executed      | 35.2802 ms    | 2020-04-13 14:30:14.180   | 2020-04-13 14:30:14.216   | 35.3005 ms    
gvec.test/t_vpatterns/vones_check                           | executing     |               | 2020-04-13 14:30:14.216   
gvec.test/t_vpatterns/vones_check                           | executed      | 30.8821 ms    | 2020-04-13 14:30:14.216   | 2020-04-13 14:30:14.247   | 30.8938 ms    
gvec.test/t_vpatterns                                       | completed     | 67.6454 ms    | 2020-04-13 14:30:14.180   | 2020-04-13 14:30:14.248   | 67.6455 ms    
gvec.test/t_vperm2x128/vperm2x128_outline                   | executing     |               | 2020-04-13 14:30:14.248   
[ 0,  1,  2,  3,  4,  5,  6,  7,  0,  1,  2,  3,  4,  5,  6,  7] |> DABC = [ 6,  7,  0,  1,  2,  3,  4,  5,  6,  7,  0,  1,  2,  3,  4,  5]
gvec.test/t_vperm2x128/vperm2x128_outline                   | executed      | 25.2647 ms    | 2020-04-13 14:30:14.248   | 2020-04-13 14:30:14.274   | 25.2809 ms    
gvec.test/t_vperm2x128                                      | completed     | 26.1862 ms    | 2020-04-13 14:30:14.248   | 2020-04-13 14:30:14.274   | 26.186 ms     
gvec.test/t_vpop/vpop_check                                 | executing     |               | 2020-04-13 14:30:14.275   
gvec.test/t_vpop/vpop_check                                 | executed      | 46.5487 ms    | 2020-04-13 14:30:14.275   | 2020-04-13 14:30:14.321   | 46.5688 ms    
gvec.test/t_vpop                                            | completed     | 47.2894 ms    | 2020-04-13 14:30:14.275   | 2020-04-13 14:30:14.322   | 47.2895 ms    
gvec.test/t_vreverse/vreverse                               | executing     |               | 2020-04-13 14:30:14.322   
gvec.test/t_vreverse/vreverse                               | executed      | 54.2126 ms    | 2020-04-13 14:30:14.322   | 2020-04-13 14:30:14.377   | 54.2319 ms    
gvec.test/t_vreverse                                        | completed     | 54.9515 ms    | 2020-04-13 14:30:14.322   | 2020-04-13 14:30:14.377   | 54.9516 ms    
gvec.test/t_vrotl/vrotl_check                               | executing     |               | 2020-04-13 14:30:14.378   
gvec.test/t_vrotl/vrotl_check                               | executed      | 53.0072 ms    | 2020-04-13 14:30:14.378   | 2020-04-13 14:30:14.431   | 53.0259 ms    
gvec.test/t_vrotl                                           | completed     | 53.7025 ms    | 2020-04-13 14:30:14.378   | 2020-04-13 14:30:14.431   | 53.7027 ms    
gvec.test/t_vrotr/vrotr_check                               | executing     |               | 2020-04-13 14:30:14.432   
gvec.test/t_vrotr/vrotr_check                               | executed      | 38.3017 ms    | 2020-04-13 14:30:14.432   | 2020-04-13 14:30:14.470   | 38.3221 ms    
gvec.test/t_vrotr                                           | completed     | 39.0997 ms    | 2020-04-13 14:30:14.432   | 2020-04-13 14:30:14.471   | 39.1002 ms    
gvec.test/t_vrotx/vrotrx_128x8u                             | executing     |               | 2020-04-13 14:30:14.471   
gvec.test/t_vrotx/vrotrx_128x8u                             | executed      | 4.4507 ms     | 2020-04-13 14:30:14.471   | 2020-04-13 14:30:14.476   | 4.4696 ms     
gvec.test/t_vrotx/vrotlx_128x8u                             | executing     |               | 2020-04-13 14:30:14.476   
gvec.test/t_vrotx/vrotlx_128x8u                             | executed      | 4.4983 ms     | 2020-04-13 14:30:14.476   | 2020-04-13 14:30:14.481   | 4.5106 ms     
gvec.test/t_vrotx                                           | completed     | 10.0739 ms    | 2020-04-13 14:30:14.471   | 2020-04-13 14:30:14.481   | 10.0738 ms    
gvec.test/t_vselect/vselect_check                           | executing     |               | 2020-04-13 14:30:14.481   
gvec.test/t_vselect/vselect_check                           | executed      | 58.6568 ms    | 2020-04-13 14:30:14.481   | 2020-04-13 14:30:14.540   | 58.6802 ms    
gvec.test/t_vselect                                         | completed     | 59.5042 ms    | 2020-04-13 14:30:14.481   | 2020-04-13 14:30:14.541   | 59.5046 ms    
gvec.test/t_vsll/vsll_check                                 | executing     |               | 2020-04-13 14:30:14.541   
gvec.test/t_vsll/vsll_check                                 | executed      | 99.2052 ms    | 2020-04-13 14:30:14.541   | 2020-04-13 14:30:14.641   | 99.2257 ms    
gvec.test/t_vsll                                            | completed     | 100.0628 ms   | 2020-04-13 14:30:14.541   | 2020-04-13 14:30:14.641   | 100.0636 ms   
gvec.test/t_vsllv/vsllv_check                               | executing     |               | 2020-04-13 14:30:14.642   
gvec.test/t_vsllv/vsllv_check                               | executed      | 85.3415 ms    | 2020-04-13 14:30:14.642   | 2020-04-13 14:30:14.727   | 85.378 ms     
gvec.test/t_vsllv                                           | completed     | 86.2987 ms    | 2020-04-13 14:30:14.642   | 2020-04-13 14:30:14.728   | 86.2986 ms    
gvec.test/t_vsrl/vsrl_check                                 | executing     |               | 2020-04-13 14:30:14.729   
gvec.test/t_vsrl/vsrl_check                                 | executed      | 59.9364 ms    | 2020-04-13 14:30:14.729   | 2020-04-13 14:30:14.789   | 59.9586 ms    
gvec.test/t_vsrl                                            | completed     | 60.9858 ms    | 2020-04-13 14:30:14.728   | 2020-04-13 14:30:14.789   | 60.9861 ms    
gvec.test/t_vsrlv/vsrlv_check                               | executing     |               | 2020-04-13 14:30:14.790   
gvec.test/t_vsrlv/vsrlv_check                               | executed      | 94.6616 ms    | 2020-04-13 14:30:14.790   | 2020-04-13 14:30:14.885   | 94.6846 ms    
gvec.test/t_vsrlv                                           | completed     | 95.6287 ms    | 2020-04-13 14:30:14.790   | 2020-04-13 14:30:14.885   | 95.6298 ms    
gvec.test/t_vsub/vsub_check                                 | executing     |               | 2020-04-13 14:30:14.886   
gvec.test/t_vsub/vsub_check                                 | executed      | 84.4506 ms    | 2020-04-13 14:30:14.886   | 2020-04-13 14:30:14.971   | 84.4797 ms    
gvec.test/t_vsub                                            | completed     | 85.707 ms     | 2020-04-13 14:30:14.886   | 2020-04-13 14:30:14.972   | 85.7076 ms    
gvec.test/t_vswaps/vswap_128x8u                             | executing     |               | 2020-04-13 14:30:14.973   
gvec.test/t_vswaps/vswap_128x8u                             | executed      | 5.7687 ms     | 2020-04-13 14:30:14.973   | 2020-04-13 14:30:14.978   | 5.8108 ms     
gvec.test/t_vswaps/vswap_128x16u                            | executing     |               | 2020-04-13 14:30:14.980   
gvec.test/t_vswaps/vswap_128x16u                            | executed      | 6.779 ms      | 2020-04-13 14:30:14.980   | 2020-04-13 14:30:14.986   | 6.8096 ms     
gvec.test/t_vswaps/transpose_4x4_check                      | executing     |               | 2020-04-13 14:30:14.988   
gvec.test/t_vswaps/transpose_4x4_check                      | executed      | 10.6939 ms    | 2020-04-13 14:30:14.988   | 2020-04-13 14:30:14.998   | 10.7194 ms    
gvec.test/t_vswaps/swap_256_i32                             | executing     |               | 2020-04-13 14:30:14.999   
gvec.test/t_vswaps/swap_256_i32                             | executed      | 4.8343 ms     | 2020-04-13 14:30:14.999   | 2020-04-13 14:30:15.004   | 4.8558 ms     
gvec.test/t_vswaps                                          | completed     | 32.3719 ms    | 2020-04-13 14:30:14.972   | 2020-04-13 14:30:15.005   | 32.3706 ms    
gvec.test/t_vtakemask/vtakemask_check                       | executing     |               | 2020-04-13 14:30:15.005   
gvec.test/t_vtakemask/vtakemask_check                       | executed      | 63.6155 ms    | 2020-04-13 14:30:15.005   | 2020-04-13 14:30:15.069   | 63.6348 ms    
gvec.test/t_vtakemask                                       | completed     | 64.5594 ms    | 2020-04-13 14:30:15.005   | 2020-04-13 14:30:15.070   | 64.5616 ms    
gvec.test/t_vtestz/vtestz_128x8i                            | executing     |               | 2020-04-13 14:30:15.070   
gvec.test/t_vtestz/vtestz_128x8i                            | executed      | 5.2532 ms     | 2020-04-13 14:30:15.070   | 2020-04-13 14:30:15.076   | 5.2921 ms     
gvec.test/t_vtestz/vtestz_128x8u                            | executing     |               | 2020-04-13 14:30:15.077   
gvec.test/t_vtestz/vtestz_128x8u                            | executed      | 4.9669 ms     | 2020-04-13 14:30:15.077   | 2020-04-13 14:30:15.082   | 4.9931 ms     
gvec.test/t_vtestz/vtestz_128x16i                           | executing     |               | 2020-04-13 14:30:15.083   
gvec.test/t_vtestz/vtestz_128x16i                           | executed      | 4.6164 ms     | 2020-04-13 14:30:15.083   | 2020-04-13 14:30:15.087   | 4.6431 ms     
gvec.test/t_vtestz/vtestz_128x16u                           | executing     |               | 2020-04-13 14:30:15.088   
gvec.test/t_vtestz/vtestz_128x16u                           | executed      | 1.7941 ms     | 2020-04-13 14:30:15.088   | 2020-04-13 14:30:15.090   | 1.8042 ms     
gvec.test/t_vtestz/vtestz_128x32i                           | executing     |               | 2020-04-13 14:30:15.090   
gvec.test/t_vtestz/vtestz_128x32i                           | executed      | 1.8384 ms     | 2020-04-13 14:30:15.090   | 2020-04-13 14:30:15.092   | 1.8499 ms     
gvec.test/t_vtestz/vtestz_128x32u                           | executing     |               | 2020-04-13 14:30:15.092   
gvec.test/t_vtestz/vtestz_128x32u                           | executed      | 1.7223 ms     | 2020-04-13 14:30:15.092   | 2020-04-13 14:30:15.094   | 1.7321 ms     
gvec.test/t_vtestz/vtestz_128x64i                           | executing     |               | 2020-04-13 14:30:15.095   
gvec.test/t_vtestz/vtestz_128x64i                           | executed      | 1.8341 ms     | 2020-04-13 14:30:15.095   | 2020-04-13 14:30:15.096   | 1.8442 ms     
gvec.test/t_vtestz/vtestz_128x64u                           | executing     |               | 2020-04-13 14:30:15.097   
gvec.test/t_vtestz/vtestz_128x64u                           | executed      | 1.7483 ms     | 2020-04-13 14:30:15.097   | 2020-04-13 14:30:15.099   | 1.7586 ms     
gvec.test/t_vtestz/vtestz_256x8i                            | executing     |               | 2020-04-13 14:30:15.099   
gvec.test/t_vtestz/vtestz_256x8i                            | executed      | 1.8763 ms     | 2020-04-13 14:30:15.099   | 2020-04-13 14:30:15.101   | 1.8865 ms     
gvec.test/t_vtestz/vtestz_256x8u                            | executing     |               | 2020-04-13 14:30:15.102   
gvec.test/t_vtestz/vtestz_256x8u                            | executed      | 1.7946 ms     | 2020-04-13 14:30:15.102   | 2020-04-13 14:30:15.104   | 1.806 ms      
gvec.test/t_vtestz/vtestz_256x16i                           | executing     |               | 2020-04-13 14:30:15.104   
gvec.test/t_vtestz/vtestz_256x16i                           | executed      | 1.877 ms      | 2020-04-13 14:30:15.104   | 2020-04-13 14:30:15.106   | 1.8868 ms     
gvec.test/t_vtestz/vtestz_256x16u                           | executing     |               | 2020-04-13 14:30:15.107   
gvec.test/t_vtestz/vtestz_256x16u                           | executed      | 1.8185 ms     | 2020-04-13 14:30:15.107   | 2020-04-13 14:30:15.109   | 1.8291 ms     
gvec.test/t_vtestz/vtestz_256x32i                           | executing     |               | 2020-04-13 14:30:15.109   
gvec.test/t_vtestz/vtestz_256x32i                           | executed      | 2.4232 ms     | 2020-04-13 14:30:15.109   | 2020-04-13 14:30:15.112   | 2.433 ms      
gvec.test/t_vtestz/vtestz_256x32u                           | executing     |               | 2020-04-13 14:30:15.112   
gvec.test/t_vtestz/vtestz_256x32u                           | executed      | 1.6869 ms     | 2020-04-13 14:30:15.112   | 2020-04-13 14:30:15.114   | 1.7038 ms     
gvec.test/t_vtestz/vtestz_256x64i                           | executing     |               | 2020-04-13 14:30:15.114   
gvec.test/t_vtestz/vtestz_256x64i                           | executed      | 1.8296 ms     | 2020-04-13 14:30:15.114   | 2020-04-13 14:30:15.116   | 1.8394 ms     
gvec.test/t_vtestz/vtestz_256x64u                           | executing     |               | 2020-04-13 14:30:15.117   
gvec.test/t_vtestz/vtestz_256x64u                           | executed      | 1.7637 ms     | 2020-04-13 14:30:15.117   | 2020-04-13 14:30:15.118   | 1.7739 ms     
gvec.test/t_vtestz                                          | completed     | 48.8302 ms    | 2020-04-13 14:30:15.070   | 2020-04-13 14:30:15.119   | 48.8285 ms    
gvec.test/t_vxor/vxor_check                                 | executing     |               | 2020-04-13 14:30:15.119   
gvec.test/t_vxor/vxor_check                                 | executed      | 89.15 ms      | 2020-04-13 14:30:15.119   | 2020-04-13 14:30:15.209   | 89.1681 ms    
gvec.test/t_vxor                                            | completed     | 89.8066 ms    | 2020-04-13 14:30:15.119   | 2020-04-13 14:30:15.209   | 89.8066 ms    
gvec.test/tv_mul/vmul_128x8i                                | executing     |               | 2020-04-13 14:30:15.209   
gvec.test/tv_mul/vmul_128x8i                                | executed      | 3.4036 ms     | 2020-04-13 14:30:15.209   | 2020-04-13 14:30:15.213   | 3.4187 ms     
gvec.test/tv_mul/vmul_128x8u                                | executing     |               | 2020-04-13 14:30:15.213   
gvec.test/tv_mul/vmul_128x8u                                | executed      | 3.0321 ms     | 2020-04-13 14:30:15.213   | 2020-04-13 14:30:15.216   | 3.0425 ms     
gvec.test/tv_mul/vmul_128x16i                               | executing     |               | 2020-04-13 14:30:15.217   
gvec.test/tv_mul/vmul_128x16i                               | executed      | 3.1551 ms     | 2020-04-13 14:30:15.217   | 2020-04-13 14:30:15.220   | 3.1653 ms     
gvec.test/tv_mul/vmul_128x16u                               | executing     |               | 2020-04-13 14:30:15.220   
gvec.test/tv_mul/vmul_128x16u                               | executed      | 2.9859 ms     | 2020-04-13 14:30:15.220   | 2020-04-13 14:30:15.223   | 2.9959 ms     
gvec.test/tv_mul/vmul_256x8u                                | executing     |               | 2020-04-13 14:30:15.224   
gvec.test/tv_mul/vmul_256x8u                                | executed      | 4.0135 ms     | 2020-04-13 14:30:15.224   | 2020-04-13 14:30:15.228   | 4.0235 ms     
gvec.test/tv_mul/vmul_256x16u                               | executing     |               | 2020-04-13 14:30:15.228   
gvec.test/tv_mul/vmul_256x16u                               | executed      | 5.7841 ms     | 2020-04-13 14:30:15.228   | 2020-04-13 14:30:15.234   | 5.7942 ms     
gvec.test/tv_mul                                            | completed     | 24.9366 ms    | 2020-04-13 14:30:15.209   | 2020-04-13 14:30:15.234   | 24.9365 ms    
gvec.test/vexamples/vcover_basecase                         | executing     |               | 2020-04-13 14:30:15.235   
gvec.test/vexamples/vcover_basecase                         | executed      | 3.4158 ms     | 2020-04-13 14:30:15.235   | 2020-04-13 14:30:15.238   | 3.4311 ms     
gvec.test/vexamples/vduplicate_example                      | executing     |               | 2020-04-13 14:30:15.239   
gvec.test/vexamples/vduplicate_example                      | executed      | 2.6842 ms     | 2020-04-13 14:30:15.239   | 2020-04-13 14:30:15.241   | 2.695 ms      
gvec.test/vexamples/vgather_128                             | executing     |               | 2020-04-13 14:30:15.242   
gvec.test/vexamples/vgather_128                             | executed      | 7.884 ms      | 2020-04-13 14:30:15.242   | 2020-04-13 14:30:15.250   | 7.8958 ms     
gvec.test/vexamples/vgather_256                             | executing     |               | 2020-04-13 14:30:15.250   
gvec.test/vexamples/vgather_256                             | executed      | 1.8298 ms     | 2020-04-13 14:30:15.250   | 2020-04-13 14:30:15.252   | 1.8409 ms     
gvec.test/vexamples/vgather_128x32u_blocks                  | executing     |               | 2020-04-13 14:30:15.252   
gvec.test/vexamples/vgather_128x32u_blocks                  | executed      | 2.3451 ms     | 2020-04-13 14:30:15.252   | 2020-04-13 14:30:15.255   | 2.3558 ms     
gvec.test/vexamples/vmergehi_256x32u                        | executing     |               | 2020-04-13 14:30:15.255   
gvec.test/vexamples/vmergehi_256x32u                        | executed      | 4.0573 ms     | 2020-04-13 14:30:15.255   | 2020-04-13 14:30:15.259   | 4.0702 ms     
gvec.test/vexamples/vmerge_example                          | executing     |               | 2020-04-13 14:30:15.260   
gvec.test/vexamples/vmerge_example                          | executed      | 0.8005 ms     | 2020-04-13 14:30:15.260   | 2020-04-13 14:30:15.261   | 0.8182 ms     
gvec.test/vexamples/vunpack_lo_8                            | executing     |               | 2020-04-13 14:30:15.261   
gvec.test/vexamples/vunpack_lo_8                            | executed      | 0.0643 ms     | 2020-04-13 14:30:15.261   | 2020-04-13 14:30:15.261   | 0.075 ms      
gvec.test/vexamples/vshuf16x16                              | executing     |               | 2020-04-13 14:30:15.262   
gvec.test/vexamples/vshuf16x16                              | executed      | 5.8665 ms     | 2020-04-13 14:30:15.262   | 2020-04-13 14:30:15.267   | 5.8773 ms     
gvec.test/vexamples/vshuf16x8_128x8u                        | executing     |               | 2020-04-13 14:30:15.268   
gvec.test/vexamples/vshuf16x8_128x8u                        | executed      | 5.296 ms      | 2020-04-13 14:30:15.268   | 2020-04-13 14:30:15.273   | 5.3062 ms     
gvec.test/vexamples/vshuf16x8                               | executing     |               | 2020-04-13 14:30:15.274   
gvec.test/vexamples/vshuf16x8                               | executed      | 6.9423 ms     | 2020-04-13 14:30:15.274   | 2020-04-13 14:30:15.281   | 6.9525 ms     
gvec.test/vexamples/vperm4x16                               | executing     |               | 2020-04-13 14:30:15.281   
gvec.test/vexamples/vperm4x16                               | executed      | 0.5522 ms     | 2020-04-13 14:30:15.281   | 2020-04-13 14:30:15.282   | 0.563 ms      
gvec.test/vexamples/vperm4x32_128x32u_example1              | executing     |               | 2020-04-13 14:30:15.282   
gvec.test/vexamples/vperm4x32_128x32u_example1              | executed      | 13.7668 ms    | 2020-04-13 14:30:15.282   | 2020-04-13 14:30:15.296   | 13.777 ms     
gvec.test/vexamples/vperm4x32_128x32u_example2              | executing     |               | 2020-04-13 14:30:15.297   
gvec.test/vexamples/vperm4x32_128x32u_example2              | executed      | 3.5667 ms     | 2020-04-13 14:30:15.297   | 2020-04-13 14:30:15.300   | 3.5998 ms     
gvec.test/vexamples                                         | completed     | 66.5988 ms    | 2020-04-13 14:30:15.235   | 2020-04-13 14:30:15.301   | 66.6008 ms    
